Command line invocation:
    /Applications/Xcode.app/Contents/Developer/usr/bin/xcodebuild -project abbies.world.ios/abbies.world.ios.xcodeproj -scheme abbies.world.ios -configuration Debug -destination "platform=iOS Simulator,id=507FB1E0-2F05-4B38-8BC4-90418D7695F2" -derivedDataPath DerivedData/voyage-capture build

Resolve Package Graph


Resolved source packages:
  JWTDecode: https://github.com/auth0/JWTDecode.swift.git @ 3.3.0
  SimpleKeychain: https://github.com/auth0/SimpleKeychain.git @ 1.3.0
  Auth0: https://github.com/auth0/Auth0.swift @ 2.25.0

ComputePackagePrebuildTargetDependencyGraph

Prepare packages

CreateBuildRequest

SendProjectDescription

CreateBuildOperation

ComputeTargetDependencyGraph
note: Building targets in dependency order
note: Target dependency graph (8 targets)
    Target 'abbies.world.ios' in project 'abbies.world.ios'
        ➜ Explicit dependency on target 'Auth0' in project 'Auth0'
    Target 'Auth0' in project 'Auth0'
        ➜ Explicit dependency on target 'Auth0' in project 'Auth0'
        ➜ Explicit dependency on target 'Auth0_Auth0' in project 'Auth0'
        ➜ Explicit dependency on target 'SimpleKeychain' in project 'SimpleKeychain'
        ➜ Explicit dependency on target 'JWTDecode' in project 'JWTDecode'
    Target 'Auth0' in project 'Auth0'
        ➜ Explicit dependency on target 'Auth0_Auth0' in project 'Auth0'
        ➜ Explicit dependency on target 'SimpleKeychain' in project 'SimpleKeychain'
        ➜ Explicit dependency on target 'JWTDecode' in project 'JWTDecode'
    Target 'JWTDecode' in project 'JWTDecode'
        ➜ Explicit dependency on target 'JWTDecode' in project 'JWTDecode'
    Target 'JWTDecode' in project 'JWTDecode' (no dependencies)
    Target 'SimpleKeychain' in project 'SimpleKeychain'
        ➜ Explicit dependency on target 'SimpleKeychain' in project 'SimpleKeychain'
    Target 'SimpleKeychain' in project 'SimpleKeychain' (no dependencies)
    Target 'Auth0_Auth0' in project 'Auth0' (no dependencies)

GatherProvisioningInputs

CreateBuildDescription

ExecuteExternalTool /Applications/Xcode.app/Contents/Developer/Toolchains/XcodeDefault.xctoolchain/usr/bin/clang -v -E -dM -isysroot /Applications/Xcode.app/Contents/Developer/Platforms/iPhoneSimulator.platform/Developer/SDKs/iPhoneSimulator26.2.sdk -x c -c /dev/null

ExecuteExternalTool /Applications/Xcode.app/Contents/Developer/Toolchains/XcodeDefault.xctoolchain/usr/bin/swiftc --version

ExecuteExternalTool /Applications/Xcode.app/Contents/Developer/usr/bin/actool --print-asset-tag-combinations --output-format xml1 /Users/evanrobinson/abbies.world.ios/abbies.world.ios/abbies.world.ios/Assets.xcassets

ExecuteExternalTool /Applications/Xcode.app/Contents/Developer/Toolchains/XcodeDefault.xctoolchain/usr/bin/ld -version_details

ExecuteExternalTool /Applications/Xcode.app/Contents/Developer/usr/bin/actool --version --output-format xml1

Build description signature: d3173a3e296f0d5089994ecddacf9705
Build description path: /Users/evanrobinson/abbies.world.ios/DerivedData/voyage-capture/Build/Intermediates.noindex/XCBuildData/d3173a3e296f0d5089994ecddacf9705.xcbuilddata
ClangStatCache /Applications/Xcode.app/Contents/Developer/Toolchains/XcodeDefault.xctoolchain/usr/bin/clang-stat-cache /Applications/Xcode.app/Contents/Developer/Platforms/iPhoneSimulator.platform/Developer/SDKs/iPhoneSimulator26.2.sdk /Users/evanrobinson/abbies.world.ios/DerivedData/voyage-capture/SDKStatCaches.noindex/iphonesimulator26.2-23C57-dc75598d0054f22ec865fa860f139d727d00a8b37fbd7999ea79df8ebc024bf0.sdkstatcache
    cd /Users/evanrobinson/abbies.world.ios/abbies.world.ios/abbies.world.ios.xcodeproj
    /Applications/Xcode.app/Contents/Developer/Toolchains/XcodeDefault.xctoolchain/usr/bin/clang-stat-cache /Applications/Xcode.app/Contents/Developer/Platforms/iPhoneSimulator.platform/Developer/SDKs/iPhoneSimulator26.2.sdk -o /Users/evanrobinson/abbies.world.ios/DerivedData/voyage-capture/SDKStatCaches.noindex/iphonesimulator26.2-23C57-dc75598d0054f22ec865fa860f139d727d00a8b37fbd7999ea79df8ebc024bf0.sdkstatcache

note: Run script build phase 'Stamp debug build' will be run during every build because the option to run the script phase "Based on dependency analysis" is unchecked. (in target 'abbies.world.ios' from project 'abbies.world.ios')
ProcessProductPackaging "" /Users/evanrobinson/abbies.world.ios/DerivedData/voyage-capture/Build/Intermediates.noindex/abbies.world.ios.build/Debug-iphonesimulator/abbies.world.ios.build/abbies.world.ios.app-Simulated.xcent (in target 'abbies.world.ios' from project 'abbies.world.ios')
    cd /Users/evanrobinson/abbies.world.ios/abbies.world.ios
    
    Entitlements:
    
    {
    "application-identifier" = "434CRKC9V3.evan-personal.abbies-world-ios";
}
    
    builtin-productPackagingUtility -entitlements -format xml -o /Users/evanrobinson/abbies.world.ios/DerivedData/voyage-capture/Build/Intermediates.noindex/abbies.world.ios.build/Debug-iphonesimulator/abbies.world.ios.build/abbies.world.ios.app-Simulated.xcent

ProcessInfoPlistFile /Users/evanrobinson/abbies.world.ios/DerivedData/voyage-capture/Build/Products/Debug-iphonesimulator/Auth0_Auth0.bundle/Info.plist /Users/evanrobinson/abbies.world.ios/DerivedData/voyage-capture/Build/Intermediates.noindex/Auth0.build/Debug-iphonesimulator/Auth0_Auth0.build/empty-Auth0_Auth0.plist (in target 'Auth0_Auth0' from project 'Auth0')
    cd /Users/evanrobinson/abbies.world.ios/DerivedData/voyage-capture/SourcePackages/checkouts/Auth0.swift
    builtin-infoPlistUtility /Users/evanrobinson/abbies.world.ios/DerivedData/voyage-capture/Build/Intermediates.noindex/Auth0.build/Debug-iphonesimulator/Auth0_Auth0.build/empty-Auth0_Auth0.plist -producttype com.apple.product-type.bundle -expandbuildsettings -format binary -platform iphonesimulator -o /Users/evanrobinson/abbies.world.ios/DerivedData/voyage-capture/Build/Products/Debug-iphonesimulator/Auth0_Auth0.bundle/Info.plist

ProcessProductPackagingDER /Users/evanrobinson/abbies.world.ios/DerivedData/voyage-capture/Build/Intermediates.noindex/abbies.world.ios.build/Debug-iphonesimulator/abbies.world.ios.build/abbies.world.ios.app-Simulated.xcent /Users/evanrobinson/abbies.world.ios/DerivedData/voyage-capture/Build/Intermediates.noindex/abbies.world.ios.build/Debug-iphonesimulator/abbies.world.ios.build/abbies.world.ios.app-Simulated.xcent.der (in target 'abbies.world.ios' from project 'abbies.world.ios')
    cd /Users/evanrobinson/abbies.world.ios/abbies.world.ios
    /usr/bin/derq query -f xml -i /Users/evanrobinson/abbies.world.ios/DerivedData/voyage-capture/Build/Intermediates.noindex/abbies.world.ios.build/Debug-iphonesimulator/abbies.world.ios.build/abbies.world.ios.app-Simulated.xcent -o /Users/evanrobinson/abbies.world.ios/DerivedData/voyage-capture/Build/Intermediates.noindex/abbies.world.ios.build/Debug-iphonesimulator/abbies.world.ios.build/abbies.world.ios.app-Simulated.xcent.der --raw

GenerateAssetSymbols /Users/evanrobinson/abbies.world.ios/abbies.world.ios/abbies.world.ios/Assets.xcassets (in target 'abbies.world.ios' from project 'abbies.world.ios')
    cd /Users/evanrobinson/abbies.world.ios/abbies.world.ios
    /Applications/Xcode.app/Contents/Developer/usr/bin/actool /Users/evanrobinson/abbies.world.ios/abbies.world.ios/abbies.world.ios/Assets.xcassets --compile /Users/evanrobinson/abbies.world.ios/DerivedData/voyage-capture/Build/Products/Debug-iphonesimulator/abbies.world.ios.app --output-format human-readable-text --notices --warnings --export-dependency-info /Users/evanrobinson/abbies.world.ios/DerivedData/voyage-capture/Build/Intermediates.noindex/abbies.world.ios.build/Debug-iphonesimulator/abbies.world.ios.build/assetcatalog_dependencies --output-partial-info-plist /Users/evanrobinson/abbies.world.ios/DerivedData/voyage-capture/Build/Intermediates.noindex/abbies.world.ios.build/Debug-iphonesimulator/abbies.world.ios.build/assetcatalog_generated_info.plist --app-icon AppIcon --accent-color AccentColor --compress-pngs --enable-on-demand-resources YES --development-region en --target-device iphone --target-device ipad --minimum-deployment-target 18.5 --platform iphonesimulator --bundle-identifier evan-personal.abbies-world-ios --generate-swift-asset-symbols /Users/evanrobinson/abbies.world.ios/DerivedData/voyage-capture/Build/Intermediates.noindex/abbies.world.ios.build/Debug-iphonesimulator/abbies.world.ios.build/DerivedSources/GeneratedAssetSymbols.swift --generate-objc-asset-symbols /Users/evanrobinson/abbies.world.ios/DerivedData/voyage-capture/Build/Intermediates.noindex/abbies.world.ios.build/Debug-iphonesimulator/abbies.world.ios.build/DerivedSources/GeneratedAssetSymbols.h --generate-asset-symbol-index /Users/evanrobinson/abbies.world.ios/DerivedData/voyage-capture/Build/Intermediates.noindex/abbies.world.ios.build/Debug-iphonesimulator/abbies.world.ios.build/DerivedSources/GeneratedAssetSymbols-Index.plist
/* com.apple.actool.compilation-results */
/Users/evanrobinson/abbies.world.ios/DerivedData/voyage-capture/Build/Intermediates.noindex/abbies.world.ios.build/Debug-iphonesimulator/abbies.world.ios.build/DerivedSources/GeneratedAssetSymbols-Index.plist
/Users/evanrobinson/abbies.world.ios/DerivedData/voyage-capture/Build/Intermediates.noindex/abbies.world.ios.build/Debug-iphonesimulator/abbies.world.ios.build/DerivedSources/GeneratedAssetSymbols.h
/Users/evanrobinson/abbies.world.ios/DerivedData/voyage-capture/Build/Intermediates.noindex/abbies.world.ios.build/Debug-iphonesimulator/abbies.world.ios.build/DerivedSources/GeneratedAssetSymbols.swift


CompileAssetCatalogVariant thinned /Users/evanrobinson/abbies.world.ios/DerivedData/voyage-capture/Build/Products/Debug-iphonesimulator/abbies.world.ios.app /Users/evanrobinson/abbies.world.ios/abbies.world.ios/abbies.world.ios/Assets.xcassets (in target 'abbies.world.ios' from project 'abbies.world.ios')
    cd /Users/evanrobinson/abbies.world.ios/abbies.world.ios
    /Applications/Xcode.app/Contents/Developer/usr/bin/actool /Users/evanrobinson/abbies.world.ios/abbies.world.ios/abbies.world.ios/Assets.xcassets --compile /Users/evanrobinson/abbies.world.ios/DerivedData/voyage-capture/Build/Intermediates.noindex/abbies.world.ios.build/Debug-iphonesimulator/abbies.world.ios.build/assetcatalog_output/thinned --output-format human-readable-text --notices --warnings --export-dependency-info /Users/evanrobinson/abbies.world.ios/DerivedData/voyage-capture/Build/Intermediates.noindex/abbies.world.ios.build/Debug-iphonesimulator/abbies.world.ios.build/assetcatalog_dependencies_thinned --output-partial-info-plist /Users/evanrobinson/abbies.world.ios/DerivedData/voyage-capture/Build/Intermediates.noindex/abbies.world.ios.build/Debug-iphonesimulator/abbies.world.ios.build/assetcatalog_generated_info.plist_thinned --app-icon AppIcon --accent-color AccentColor --compress-pngs --enable-on-demand-resources YES --filter-for-thinning-device-configuration iPad15,7 --filter-for-device-os-version 26.3.1 --development-region en --target-device iphone --target-device ipad --minimum-deployment-target 18.5 --platform iphonesimulator
